
Warning: This is a simple server for use in testing or debugging Angular applications
locally. It hasn't been reviewed for security issues.

Binding this server to an open connection can result in compromising your application or
computer. Using a different host than the one passed to the "--host" flag might result in
websocket connection issues. You might need to use "--disable-host-check" if that's the
case.

❯ Building...
✔ Building...
Initial chunk files | Names            |  Raw size
styles.css          | styles           | 102.65 kB |
polyfills.js        | polyfills        |  90.20 kB |
main.js             | main             |  19.01 kB |
chunk-7E5JEGTJ.js   | -                |   1.88 kB |
chunk-2NIMGVFP.js   | -                |   1.11 kB |

                    | Initial total    | 214.85 kB

Lazy chunk files    | Names            |  Raw size
chunk-5GF7T5HM.js   | residents-routes |  21.20 kB |
chunk-WQF7UWY7.js   | visits-routes    |  20.35 kB |
chunk-Y6IDHAKF.js   | login-routes     |  18.15 kB |
chunk-T5D4PMU4.js   | dashboard-routes |   5.82 kB |
chunk-WZ2T3CEZ.js   | -                |   1.23 kB |

Application bundle generation complete. [6.204 seconds]

Watch mode enabled. Watching for file changes...
NOTE: Raw file sizes do not reflect development server per-request transformations.
  ➜  Local:   http://localhost:4201/
  ➜  Network: http://192.168.0.2:4201/
